
> temp_app@0.1.0 build
> next build

node.exe : ΓÜá Warning: 
Next.js inferred your 
workspace root, but it may 
not be correct.
At line:1 char:1
+ & "C:\Program 
Files\nodejs/node.exe" 
"C:\Program 
Files\nodejs/node_mo ...
+ ~~~~~~~~~~~~~~~~~~~~~~~~~~
~~~~~~~~~~~~~~~~~~~~~~~~~~~~
~~~~~~~~~~~~~~~
    + CategoryInfo          
    : NotSpecified: (ΓÜá W  
  arning: Ne...not be cor   
 rect.:String) [], Remot    
eException
    + FullyQualifiedErrorId 
    : NativeCommandError
 
 We detected multiple 
lockfiles and selected the 
directory of C:\Users\User\p
ackage-lock.json as the 
root directory.
 To silence this warning, 
set `turbopack.root` in 
your Next.js config, or 
consider removing one of 
the lockfiles if it's not 
needed.
   See https://nextjs.org/do
cs/app/api-reference/config/
next-config-js/turbopack#roo
t-directory for more 
information.
 Detected additional 
lockfiles: 
   * C:\Users\User\Desktop\B
ookmyinfluencers\package-loc
k.json

Γû▓ Next.js 16.1.4 (Turbopack)
- Environments: .env
- Experiments (use with caution):
  ┬╖ serverActions

ΓÜá The "middleware" file 
convention is deprecated. 
Please use "proxy" instead. 
Learn more: https://nextjs.o
rg/docs/messages/middleware-
to-proxy
  Creating an optimized production build ...

> Build error occurred
Error: Turbopack build 
failed with 1 errors:
./Desktop/Bookmyinfluencers/
app/admin/campaigns/AdminCam
paignsClient.tsx:13:1
Module not found: Can't 
resolve 
'@/components/ui/table'
[0m [90m 11 |[39m 
[36mimport[39m { 
[33mButton[39m } 
[36mfrom[39m [32m"@/compo
nents/ui/button"[39m[33m;
[39m
 [90m 12 |[39m 
[36mimport[39m { 
[33mInput[39m } 
[36mfrom[39m [32m"@/compo
nents/ui/input"[39m[33m;[
39m
[31m[1m>[22m[39m[90m 
13 |[39m [36mimport[39m {
 [90m    |[39m [31m[1m^
[22m[39m[31m[1m^[22m[39
m[31m[1m^[22m[39m[31m[
1m^[22m[39m[31m[1m^[22m
[39m[31m[1m^[22m[39m[3
1m[1m^[22m[39m[31m[1m^
[22m[39m
[31m[1m>[22m[39m[90m 
14 |[39m     
[33mTable[39m[33m,[39m
 [90m    |[39m [31m[1m^
[22m[39m[31m[1m^[22m[39
m[31m[1m^[22m[39m[31m[
1m^[22m[39m[31m[1m^[22m
[39m[31m[1m^[22m[39m[3
1m[1m^[22m[39m[31m[1m^
[22m[39m[31m[1m^[22m[39
m[31m[1m^[22m[39m
[31m[1m>[22m[39m[90m 
15 |[39m     [33mTableBody
[39m[33m,[39m
 [90m    |[39m [31m[1m^
[22m[39m[31m[1m^[22m[39
m[31m[1m^[22m[39m[31m[
1m^[22m[39m[31m[1m^[22m
[39m[31m[1m^[22m[39m[3
1m[1m^[22m[39m[31m[1m^
[22m[39m[31m[1m^[22m[39
m[31m[1m^[22m[39m
[31m[1m>[22m[39m[90m 
16 |[39m     [33mTableCell
[39m[33m,[39m
 [90m    |[39m [31m[1m^
[22m[39m[31m[1m^[22m[39
m[31m[1m^[22m[39m[31m[
1m^[22m[39m[31m[1m^[22m
[39m[31m[1m^[22m[39m[3
1m[1m^[22m[39m[31m[1m^
[22m[39m[31m[1m^[22m[39
m[31m[1m^[22m[39m
[31m[1m>[22m[39m[90m 
17 |[39m     [33mTableHead
[39m[33m,[39m
 [90m    |[39m [31m[1m^
[22m[39m[31m[1m^[22m[39
m[31m[1m^[22m[39m[31m[
1m^[22m[39m[31m[1m^[22m
[39m[31m[1m^[22m[39m[3
1m[1m^[22m[39m[31m[1m^
[22m[39m[31m[1m^[22m[39
m[31m[1m^[22m[39m
[31m[1m>[22m[39m[90m 
18 |[39m     [33mTableHead
er[39m[33m,[39m
 [90m    |[39m [31m[1m^
[22m[39m[31m[1m^[22m[39
m[31m[1m^[22m[39m[31m[
1m^[22m[39m[31m[1m^[22m
[39m[31m[1m^[22m[39m[3
1m[1m^[22m[39m[31m[1m^
[22m[39m[31m[1m^[22m[39
m[31m[1m^[22m[39m
[31m[1m>[22m[39m[90m 
19 |[39m     [33mTableRow
[39m[33m,[39m
 [90m    |[39m [31m[1m^
[22m[39m[31m[1m^[22m[39
m[31m[1m^[22m[39m[31m[
1m^[22m[39m[31m[1m^[22m
[39m[31m[1m^[22m[39m[3
1m[1m^[22m[39m[31m[1m^
[22m[39m[31m[1m^[22m[39
m[31m[1m^[22m[39m
[31m[1m>[22m[39m[90m 
20 |[39m } [36mfrom[39m 
[32m"@/components/ui/table"
[39m[33m;[39m
 [90m    |[39m [31m[1m^
[22m[39m[31m[1m^[22m[39
m[31m[1m^[22m[39m[31m[
1m^[22m[39m[31m[1m^[22m
[39m[31m[1m^[22m[39m[3
1m[1m^[22m[39m[31m[1m^
[22m[39m[31m[1m^[22m[39
m[31m[1m^[22m[39m[31m[
1m^[22m[39m[31m[1m^[22m
[39m[31m[1m^[22m[39m[3
1m[1m^[22m[39m[31m[1m^
[22m[39m[31m[1m^[22m[39
m[31m[1m^[22m[39m[31m[
1m^[22m[39m[31m[1m^[22m
[39m[31m[1m^[22m[39m[3
1m[1m^[22m[39m[31m[1m^
[22m[39m[31m[1m^[22m[39
m[31m[1m^[22m[39m[31m[
1m^[22m[39m[31m[1m^[22m
[39m[31m[1m^[22m[39m[3
1m[1m^[22m[39m[31m[1m^
[22m[39m[31m[1m^[22m[39
m[31m[1m^[22m[39m[31m[
1m^[22m[39m
 [90m 21 |[39m 
[36mimport[39m {
 [90m 22 |[39m     [33mDr
opdownMenu[39m[33m,[39m
 [90m 23 |[39m     [33mDr
opdownMenuContent[39m[33m,
[39m[0m

Import map: aliased to 
relative 
'./components/ui/table' 
inside of [project]/Desktop/
Bookmyinfluencers


Import trace:
  Server Component:
    ./Desktop/Bookmyinfluenc
ers/app/admin/campaigns/Admi
nCampaignsClient.tsx
    ./Desktop/Bookmyinfluenc
ers/app/admin/campaigns/page
.tsx

https://nextjs.org/docs/mess
ages/module-not-found


    at <unknown> (./Desktop/
Bookmyinfluencers/app/admin/
campaigns/AdminCampaignsClie
nt.tsx:13:1)
    at <unknown> (https://ne
xtjs.org/docs/messages/modul
e-not-found)
