app/(public)/creators/[id]/page.tsx(2,20): error TS2307: Cannot find module '@/lib/db' or its corresponding type declarations.
app/(public)/creators/[id]/page.tsx(5,29): error TS2307: Cannot find module '@/lib/auth' or its corresponding type declarations.
app/discover/[influencerId]/InfluencerProfileClient.tsx(80,61): error TS2339: Property 'role' does not exist on type '{ name?: string; email?: string; image?: string; }'.
app/discover/[influencerId]/InfluencerProfileClient.tsx(80,96): error TS2339: Property 'role' does not exist on type '{ name?: string; email?: string; image?: string; }'.
app/discover/[influencerId]/InfluencerProfileClient.tsx(197,78): error TS2339: Property 'role' does not exist on type '{ name?: string; email?: string; image?: string; }'.
app/discover/[influencerId]/InfluencerProfileClient.tsx(197,113): error TS2339: Property 'role' does not exist on type '{ name?: string; email?: string; image?: string; }'.
